main.c:127:6:setTimer0	16	static
main.c:133:6:setTimer1	16	static
main.c:139:6:setTimer2	16	static
main.c:145:6:setTimer3	16	static
main.c:150:6:timer_run	4	static
main.c:178:5:main	24	static
main.c:286:6:SystemClock_Config	72	static
main.c:319:13:MX_TIM2_Init	32	static
main.c:361:13:MX_GPIO_Init	32	static
main.c:409:6:HAL_TIM_PeriodElapsedCallback	16	static
main.c:413:13:set_LED7_by_mask	32	static
main.c:427:6:clear7SEG	8	static
main.c:431:6:display7SEG	24	static
main.c:440:6:initState	8	static
main.c:458:6:update7SEG	16	static
main.c:493:6:updateClockBuffer	4	static
main.c:500:6:updateLEDMatrix	16	static
main.c:591:6:displayLEDmatrix	32	static
main.c:611:6:Error_Handler	4	static,ignoring_inline_asm
