main.c:135:6:setTimer0	16	static
main.c:141:6:setTimer1	16	static
main.c:147:6:setTimer2	16	static
main.c:153:6:setTimer3	16	static
main.c:158:6:timer_run	4	static
main.c:186:5:main	40	static
main.c:299:6:SystemClock_Config	72	static
main.c:332:13:MX_TIM2_Init	32	static
main.c:374:13:MX_GPIO_Init	32	static
main.c:422:6:HAL_TIM_PeriodElapsedCallback	16	static
main.c:426:13:set_LED7_by_mask	32	static
main.c:440:6:clear7SEG	8	static
main.c:444:6:display7SEG	24	static
main.c:453:6:initState	8	static
main.c:471:6:update7SEG	16	static
main.c:506:6:updateClockBuffer	4	static
main.c:513:6:updateLEDMatrix	16	static
main.c:607:6:displayLEDmatrix	32	static
main.c:626:6:Error_Handler	4	static,ignoring_inline_asm
