main.c:157:6:setTimer0	16	static
main.c:163:6:setTimer1	16	static
main.c:169:6:setTimer2	16	static
main.c:175:6:setTimer3	16	static
main.c:180:6:timer_run	4	static
main.c:208:5:main	40	static
main.c:334:6:SystemClock_Config	72	static
main.c:367:13:MX_TIM2_Init	32	static
main.c:409:13:MX_GPIO_Init	32	static
main.c:457:6:HAL_TIM_PeriodElapsedCallback	16	static
main.c:461:13:set_LED7_by_mask	32	static
main.c:475:6:clear7SEG	8	static
main.c:479:6:display7SEG	24	static
main.c:488:6:initState	8	static
main.c:506:6:update7SEG	16	static
main.c:541:6:updateClockBuffer	4	static
main.c:548:6:updateLEDMatrix	16	static
main.c:642:6:displayLEDmatrix	32	static
main.c:656:6:updateMatrixWindow	24	static
main.c:673:6:Error_Handler	4	static,ignoring_inline_asm
