main.c:157:6:setTimer0	16	static
main.c:163:6:setTimer1	16	static
main.c:169:6:setTimer2	16	static
main.c:175:6:setTimer3	16	static
main.c:180:6:timer_run	4	static
main.c:208:5:main	40	static
main.c:333:6:SystemClock_Config	72	static
main.c:366:13:MX_TIM2_Init	32	static
main.c:408:13:MX_GPIO_Init	32	static
main.c:456:6:HAL_TIM_PeriodElapsedCallback	16	static
main.c:460:13:set_LED7_by_mask	32	static
main.c:474:6:clear7SEG	8	static
main.c:478:6:display7SEG	24	static
main.c:487:6:initState	8	static
main.c:505:6:update7SEG	16	static
main.c:540:6:updateClockBuffer	4	static
main.c:547:6:updateLEDMatrix	16	static
main.c:641:6:displayLEDmatrix	32	static
main.c:655:6:updateMatrixWindow	24	static
main.c:672:6:Error_Handler	4	static,ignoring_inline_asm
