main.c:111:6:setTimer0	16	static
main.c:117:6:setTimer1	16	static
main.c:123:6:setTimer2	16	static
main.c:128:6:timer_run	4	static
main.c:151:5:main	16	static
main.c:266:6:SystemClock_Config	72	static
main.c:299:13:MX_TIM2_Init	32	static
main.c:341:13:MX_GPIO_Init	32	static
main.c:380:6:HAL_TIM_PeriodElapsedCallback	16	static
main.c:384:13:set_LED7_by_mask	32	static
main.c:398:6:clear7SEG	8	static
main.c:402:6:display7SEG	24	static
main.c:411:6:initState	8	static
main.c:420:6:update7SEG	16	static
main.c:455:6:updateClockBuffer	16	static
main.c:467:6:Error_Handler	4	static,ignoring_inline_asm
